// Jest Snapshot v1, https://goo.gl/fbAQLP

exports[`Render FavoriteCardsList 1`] = `
Array [
  <article
    className="favorites__card place-card"
    onMouseEnter={[Function]}
    onMouseLeave={[Function]}
  >
    
    <div
      className="favorites__image-wrapper place-card__image-wrapper"
    >
      <a
        href="/offer/1"
        onClick={[Function]}
      >
        <img
          alt="Place image"
          className="place-card__image"
          height={110}
          src="img/1.png"
          width={150}
        />
      </a>
    </div>
    <div
      className="favorites__card-info place-card__info"
    >
      <div
        className="place-card__price-wrapper"
      >
        <div
          className="place-card__price"
        >
          <b
            className="place-card__price-value"
          >
            €
            120
          </b>
          <span
            className="place-card__price-text"
          >
            / night
          </span>
        </div>
        <button
          className="place-card__bookmark-button button"
          onClick={[Function]}
          type="button"
        >
          <svg
            className="place-card__bookmark-icon"
            height="19"
            width="18"
          >
            <use
              href="#icon-bookmark"
            />
          </svg>
          <span
            className="visually-hidden"
          >
            To
             bookmarks
          </span>
        </button>
      </div>
      <div
        className="place-card__rating rating"
      >
        <div
          className="place-card__stars rating__stars"
        >
          <span
            style={
              Object {
                "width": "100%",
              }
            }
          />
          <span
            className="visually-hidden"
          >
            Rating
          </span>
        </div>
      </div>
      <h2
        className="place-card__name"
      >
        <a
          href="/offer/1"
          onClick={[Function]}
        >
          Beautiful & luxurious studio at great location
        </a>
      </h2>
      <p
        className="place-card__type"
      >
        Apartment
      </p>
    </div>
  </article>,
  <article
    className="favorites__card place-card"
    onMouseEnter={[Function]}
    onMouseLeave={[Function]}
  >
    
    <div
      className="favorites__image-wrapper place-card__image-wrapper"
    >
      <a
        href="/offer/2"
        onClick={[Function]}
      >
        <img
          alt="Place image"
          className="place-card__image"
          height={110}
          src="img/1.png"
          width={150}
        />
      </a>
    </div>
    <div
      className="favorites__card-info place-card__info"
    >
      <div
        className="place-card__price-wrapper"
      >
        <div
          className="place-card__price"
        >
          <b
            className="place-card__price-value"
          >
            €
            120
          </b>
          <span
            className="place-card__price-text"
          >
            / night
          </span>
        </div>
        <button
          className="place-card__bookmark-button button"
          onClick={[Function]}
          type="button"
        >
          <svg
            className="place-card__bookmark-icon"
            height="19"
            width="18"
          >
            <use
              href="#icon-bookmark"
            />
          </svg>
          <span
            className="visually-hidden"
          >
            To
             bookmarks
          </span>
        </button>
      </div>
      <div
        className="place-card__rating rating"
      >
        <div
          className="place-card__stars rating__stars"
        >
          <span
            style={
              Object {
                "width": "100%",
              }
            }
          />
          <span
            className="visually-hidden"
          >
            Rating
          </span>
        </div>
      </div>
      <h2
        className="place-card__name"
      >
        <a
          href="/offer/2"
          onClick={[Function]}
        >
          Beautiful & luxurious studio at great location
        </a>
      </h2>
      <p
        className="place-card__type"
      >
        Apartment
      </p>
    </div>
  </article>,
  <article
    className="favorites__card place-card"
    onMouseEnter={[Function]}
    onMouseLeave={[Function]}
  >
    
    <div
      className="favorites__image-wrapper place-card__image-wrapper"
    >
      <a
        href="/offer/3"
        onClick={[Function]}
      >
        <img
          alt="Place image"
          className="place-card__image"
          height={110}
          src="img/1.png"
          width={150}
        />
      </a>
    </div>
    <div
      className="favorites__card-info place-card__info"
    >
      <div
        className="place-card__price-wrapper"
      >
        <div
          className="place-card__price"
        >
          <b
            className="place-card__price-value"
          >
            €
            120
          </b>
          <span
            className="place-card__price-text"
          >
            / night
          </span>
        </div>
        <button
          className="place-card__bookmark-button button"
          onClick={[Function]}
          type="button"
        >
          <svg
            className="place-card__bookmark-icon"
            height="19"
            width="18"
          >
            <use
              href="#icon-bookmark"
            />
          </svg>
          <span
            className="visually-hidden"
          >
            To
             bookmarks
          </span>
        </button>
      </div>
      <div
        className="place-card__rating rating"
      >
        <div
          className="place-card__stars rating__stars"
        >
          <span
            style={
              Object {
                "width": "100%",
              }
            }
          />
          <span
            className="visually-hidden"
          >
            Rating
          </span>
        </div>
      </div>
      <h2
        className="place-card__name"
      >
        <a
          href="/offer/3"
          onClick={[Function]}
        >
          Beautiful & luxurious studio at great location
        </a>
      </h2>
      <p
        className="place-card__type"
      >
        Apartment
      </p>
    </div>
  </article>,
]
`;
